// Jest Snapshot v1, https://goo.gl/fbAQLP

exports[`header component test cases should match with snapshot 1`] = `
<header
  className="header"
  data-testid="header"
>
  <button
    onClick={[Function]}
    type="button"
  >
    <i
      className="fa-solid fa-gear"
    />
  </button>
  <h1>
    stock market
  </h1>
  <a
    href="/"
    onClick={[Function]}
  >
    <span
      className="fa-solid fa-chevron-left test"
    />
  </a>
</header>
`;
